// Jest Snapshot v1, https://goo.gl/fbAQLP

exports[`VUnsplashDataIteratorSelectionHeader.vue renders and match snapshot 1`] = `
<div class="container container--fluid">
  <div class="pa-2 v-card v-sheet theme--light">
    <div class="layout d-flex align-center px-3 px-md-6 pb-1 justify-center row">
      <div class="flex justify-start shrink"><span>selected
          <span class="font-weight-bold">1</span>
        of
        <span class="font-weight-bold">2</span></span></div>
      <hr role="separator" aria-orientation="vertical" class="mx-4 v-divider v-divider--vertical theme--light">
      <div class="flex justify-start">
        <div role="progressbar" aria-valuemin="0" aria-valuemax="100" aria-valuenow="50" class="v-progress-circular" style="height: 32px; width: 32px; color: rgb(25, 118, 210); caret-color: #1976d2;"><svg xmlns="http://www.w3.org/2000/svg" viewBox="22.857142857142858 22.857142857142858 45.714285714285715 45.714285714285715" style="transform: rotate(0deg);">
            <circle fill="transparent" cx="45.714285714285715" cy="45.714285714285715" r="20" stroke-width="5.714285714285714" stroke-dasharray="125.664" stroke-dashoffset="0" class="v-progress-circular__underlay"></circle>
            <circle fill="transparent" cx="45.714285714285715" cy="45.714285714285715" r="20" stroke-width="5.714285714285714" stroke-dasharray="125.664" stroke-dashoffset="62.83185307179586px" class="v-progress-circular__overlay"></circle>
          </svg>
          <div class="v-progress-circular__info"></div>
        </div>
      </div>
      <div class="spacer"></div>
      <div class="flex d-flex justify-end align-center px-2"><button type="button" class="mr-1 v-btn v-btn--flat v-btn--icon v-btn--round theme--light v-size--default" style="color: rgb(25, 118, 210); caret-color: #1976d2;"><span class="v-btn__content"><i aria-hidden="true" class="v-icon notranslate mdi mdi-select-off theme--light"></i></span></button><span class="v-tooltip v-tooltip--bottom"><!----></span>
        <!---->
      </div>
    </div>
    <hr role="separator" aria-orientation="horizontal" class="v-divider theme--light">
    <div class="layout justify-start px-6 pt-1 row">
      <div class="flex shrink"><span class="ma-1 v-chip v-chip--no-color v-chip--pill v-chip--removable theme--light v-size--default"><span class="v-chip__content"><div class="v-avatar v-avatar--left" style="height: 48px; min-width: 48px; width: 48px;"><div class="v-image v-responsive theme--light"><transition-stub name="fade-transition" mode="in-out"><div class="v-image__image v-image__image--preload v-image__image--cover" style="background-position: center center;"></div></transition-stub><div class="v-responsive__content"></div></div></div><button type="button" class="v-icon notranslate v-chip__close v-icon--link v-icon--right mdi mdi-close-circle theme--light" style="font-size: 18px;"></button></span></span></div>
    </div>
  </div>
</div>
`;
